[dashboardpack.com/live-demo-preview/indexa123.html]
[backblue.gif]
[fade.gif]
[index.html]
[dashboardpack.com/wp-content/themes/dashboardpack/assets/images/apple-touch-icon.png]
[dashboardpack.com/wp-content/plugins/super-socializer/images/close.png]
[dashboardpack.com/wp-content/plugins/super-socializer/images/ajax_loader.gif]
[dashboardpack.com/wp-content/plugins/super-socializer/images/logo.png]
[dashboardpack.com/wp-includes/css/dist/block-library/style.min.css]
[dashboardpack.com/live-demo-preview/indexb607.html]
[dashboardpack.com/wp-content/plugins/woocommerce/assets/css/blocks/style.css]
[dashboardpack.com/wp-content/plugins/woocommerce/assets/css/select2.css]
[dashboardpack.com/live-demo-preview/index.html]
[dashboardpack.com/wp-content/plugins/yith-woocommerce-affiliates/assets/css/yith-wcaf.css]
[dashboardpack.com/wp-content/plugins/bbpress/templates/default/css/bbpress.css]
[dashboardpack.com/wp-content/plugins/contact-form-7/includes/css/styles.css]
[dashboardpack.com/wp-content/plugins/woocommerce-gateway-paypal-express-checkout/assets/css/wc-gateway-ppec-frontend-cart.css]
[dashboardpack.com/wp-content/themes/dashboardpack/style.css]
[dashboardpack.com/wp-includes/css/dashicons.min.css]
[dashboardpack.com/wp-includes/js/thickbox/thickbox.css]
[dashboardpack.com/wp-content/plugins/super-socializer/css/front.css]
[dashboardpack.com/wp-content/plugins/super-socializer/css/share-svg.css]
[dashboardpack.com/wp-includes/js/jquery/jquery.js]
[dashboardpack.com/wp-includes/js/jquery/jquery-migrate.min.js]
[cdnjs.cloudflare.com/ajax/libs/popper.js/1.14.6/umd/popper.min.js]
[www.google-analytics.com/analytics.js]
[dashboardpack.com/wp-includes/js/jquery/ui/core.min.js]
[dashboardpack.com/wp-includes/js/jquery/ui/datepicker.min.js]
[dashboardpack.com/wp-content/plugins/woocommerce/assets/js/selectWoo/selectWoo.full.min.js]
[dashboardpack.com/wp-content/plugins/woocommerce/assets/js/frontend/country-select.min.js]
[dashboardpack.com/wp-content/plugins/yith-woocommerce-affiliates/assets/js/yith-wcaf.min.js]
[dashboardpack.com/wp-content/plugins/bbpress/templates/default/js/editor.js]
[dashboardpack.com/wp-content/plugins/contact-form-7/includes/js/scripts.js]
[dashboardpack.com/wp-content/plugins/eu-vat-for-woocommerce/includes/js/alg-wc-eu-vat.js]
[dashboardpack.com/wp-content/plugins/woocommerce/assets/js/jquery-blockui/jquery.blockUI.min.js]
[dashboardpack.com/wp-content/plugins/woocommerce/assets/js/js-cookie/js.cookie.min.js]
[dashboardpack.com/wp-content/plugins/woocommerce/assets/js/frontend/woocommerce.min.js]
[dashboardpack.com/wp-content/plugins/woocommerce/assets/js/frontend/cart-fragments.min.js]
[dashboardpack.com/wp-content/themes/dashboardpack/assets/js/main.min.js]
[dashboardpack.com/wp-content/plugins/super-socializer/js/front/social_login/general.js]
[dashboardpack.com/wp-content/plugins/super-socializer/js/front/social_login/common.js]
[dashboardpack.com/wp-includes/js/thickbox/thickbox.js]
[dashboardpack.com/live-demo-preview/indexa123.html]
[dashboardpack.com/live-demo-preview/indexb607.html]
[dashboardpack.com/wp-content/plugins/super-socializer/js/front/sharing/sharing.js]
[dashboardpack.com/wp-content/plugins/wp-rocket/assets/js/lazyload/11.0.6/lazyload.min.js]
[dashboardpack.com/live-demo-preview/index.html]
[dashboardpack.com/wp-includes/css/dist/block-library/style.min.css]
[dashboardpack.com/wp-content/plugins/woocommerce/assets/css/blocks/style.css]
[dashboardpack.com/wp-content/plugins/woocommerce/assets/css/select2.css]
[dashboardpack.com/wp-content/plugins/yith-woocommerce-affiliates/assets/css/yith-wcaf.css]
[dashboardpack.com/wp-content/plugins/bbpress/templates/default/css/bbpress.css]
[dashboardpack.com/live-demo-preview/indexe488.html]
[dashboardpack.com/live-demo-preview/index930e.html]
[dashboardpack.com/wp-content/plugins/contact-form-7/images/ajax-loader.gif]
[dashboardpack.com/wp-content/plugins/contact-form-7/includes/css/styles.css]
[dashboardpack.com/wp-content/plugins/woocommerce-gateway-paypal-express-checkout/assets/css/wc-gateway-ppec-frontend-cart.css]
[dashboardpack.com/wp-content/themes/dashboardpack/assets/styles/build/fonts/sarabun-300-normal-latin.woff2]
[dashboardpack.com/wp-content/themes/dashboardpack/ajax-loader.28.delayed]
[dashboardpack.com/wp-content/themes/dashboardpack/assets/styles/build/fonts/fontello08e1.eot]
[dashboardpack.com/wp-content/themes/dashboardpack/assets/styles/build/fonts/fontello08e1.woff2]
[dashboardpack.com/wp-content/themes/dashboardpack/assets/styles/build/fonts/fontello08e1.woff]
[dashboardpack.com/wp-content/themes/dashboardpack/assets/styles/build/fonts/fontello08e1.ttf]
[dashboardpack.com/wp-content/themes/dashboardpack/assets/styles/build/fonts/fontello08e1.svg]
[dashboardpack.com/wp-content/themes/dashboardpack/images/section-bg.jpg]
[dashboardpack.com/wp-content/themes/dashboardpack/images/section-bg-free.jpg]
[dashboardpack.com/wp-content/themes/dashboardpack/images/section-bg-premium.jpg]
[dashboardpack.com/wp-content/themes/dashboardpack/images/section-bg-reactjs.jpg]
[dashboardpack.com/wp-content/themes/dashboardpack/images/section-bg-vue.jpg]
[dashboardpack.com/wp-content/themes/dashboardpack/images/section-bg-angular.jpg]
[dashboardpack.com/wp-content/themes/dashboardpack/images/tags/react.png]
[dashboardpack.com/wp-content/themes/dashboardpack/images/tags/vue.png]
[dashboardpack.com/wp-content/themes/dashboardpack/images/tags/angular.png]
[dashboardpack.com/wp-content/themes/dashboardpack/images/tags/html.png]
[dashboardpack.com/wp-content/themes/dashboardpack/images/tags/bootstrap.png]
[dashboardpack.com/wp-content/themes/dashboardpack/images/tags/sass.png]
[dashboardpack.com/wp-content/themes/dashboardpack/images/tags/react-lg.png]
[dashboardpack.com/wp-content/themes/dashboardpack/images/tags/vue-lg.png]
[dashboardpack.com/wp-content/themes/dashboardpack/images/tags/angular-lg.png]
[dashboardpack.com/wp-content/themes/dashboardpack/images/tags/html-lg.png]
[dashboardpack.com/wp-content/themes/dashboardpack/images/tags/bootstrap-lg.png]
[dashboardpack.com/wp-content/themes/dashboardpack/images/tags/sass-lg.png]
[dashboardpack.com/wp-content/themes/dashboardpack/style.css]
[dashboardpack.com/wp-includes/css/dashicons.min.css]
[dashboardpack.com/wp-includes/js/thickbox/thickbox.css]
[dashboardpack.com/wp-content/plugins/super-socializer/images/transparent_bg.png]
[dashboardpack.com/wp-content/plugins/super-socializer/images/login/login.png]
[dashboardpack.com/wp-content/plugins/super-socializer/css/front.css]
[dashboardpack.com/wp-content/plugins/super-socializer/css/share-svg.css]
[dashboardpack.com/live-demo-preview/indexe488.html]
[dashboardpack.com/live-demo-preview/index930e.html]
[dashboardpack.com/wp-content/themes/dashboardpack/ajax-loader.html]
[dashboardpack.com/wp-content/themes/dashboardpack/assets/styles/build/fonts/fontello08e1.svg]
[dashboardpack.com/live-demo-preview/indexf964.html]
[dashboardpack.com/live-demo-preview/indexf964.html]
